../Core/Src/sx1262.c:10:13:SX1262_Log	16	static
../Core/Src/sx1262.c:56:13:SX1262_NSS_Low	8	static
../Core/Src/sx1262.c:57:13:SX1262_NSS_High	8	static
../Core/Src/sx1262.c:59:13:SX1262_EndSpiTransaction	8	static
../Core/Src/sx1262.c:65:13:SX1262_EnsureMutex	8	static
../Core/Src/sx1262.c:72:12:SX1262_Lock	16	static
../Core/Src/sx1262.c:86:13:SX1262_Unlock	8	static
../Core/Src/sx1262.c:99:13:SX1262_WaitBusy	64	static
../Core/Src/sx1262.c:114:12:SX1262_WaitBusyUntil	88	static
../Core/Src/sx1262.c:130:13:SX1262_WriteCmd	16	static
../Core/Src/sx1262.c:140:16:SX1262_SPI_TxRx	32	static
../Core/Src/sx1262.c:149:13:SX1262_ReadRegisters	32	static
../Core/Src/sx1262.c:168:13:SX1262_WriteRegisters	24	static
../Core/Src/sx1262.c:186:13:SX1262_WriteRegisterTrace	208	static
../Core/Src/sx1262.c:210:16:SX1262_ReadRegisterTrace	208	static
../Core/Src/sx1262.c:238:16:SX1262_ReadReg	24	static
../Core/Src/sx1262.c:245:16:SX1262_ReadRegStable	32	static
../Core/Src/sx1262.c:260:13:SX1262_WriteReg	16	static
../Core/Src/sx1262.c:265:16:SX1262_GetStatusByte	24	static
../Core/Src/sx1262.c:285:17:SX1262_GetDeviceErrors	24	static
../Core/Src/sx1262.c:308:13:SX1262_ClearDeviceErrors	16	static
../Core/Src/sx1262.c:314:12:SX1262_StatusLooksValid	24	static
../Core/Src/sx1262.c:321:12:SX1262_ModeUsesXosc	16	static
../Core/Src/sx1262.c:326:12:SX1262_CheckResponsive	144	static
../Core/Src/sx1262.c:341:12:SX1262_EnterStandbyXosc	200	static
../Core/Src/sx1262.c:389:13:SX1262_SetRxTxFallbackXosc	16	static
../Core/Src/sx1262.c:395:13:SX1262_WriteCriticalTxRegs	8	static
../Core/Src/sx1262.c:403:12:SX1262_CriticalTxRegsOk	16	static
../Core/Src/sx1262.c:413:13:SX1262_LogTxRegs	232	static
../Core/Src/sx1262.c:429:13:SX1262_ApplyTxStaticConfig	32	static
../Core/Src/sx1262.c:453:13:SX1262_Reset	56	static
../Core/Src/sx1262.c:478:17:SX1262_Init	200	static
../Core/Src/sx1262.c:696:17:SX1262_RecoverAfterXoscError	16	static
../Core/Src/sx1262.c:714:17:SX1262_PrepareForTx	344	static
../Core/Src/sx1262.c:798:17:SX1262_SendPacket	296	static
../Core/Src/sx1262.c:956:17:SX1262_SendTestPacket	8	static
../Core/Src/sx1262.c:963:17:SX1262_RegisterStressTest	256	static
../Core/Src/sx1262.c:1041:6:SX1262_OnDIO1_IRQ	16	static,ignoring_inline_asm
../Core/Src/sx1262.c:1048:6:SX1262_StartCW	8	static
../Core/Src/sx1262.c:1063:6:SX1262_PinHealthCheck	288	static
